\BOOKMARK [0][-]{chapter*.2}{\376\377\000P\000e\000n\000d\000a\000h\000u\000l\000u\000a\000n}{}% 1
\BOOKMARK [1][-]{section.0.1}{\376\377\000K\000o\000n\000t\000e\000k\000s\000\040\000\046\000\040\000U\000r\000g\000e\000n\000s\000i\000:\000\040\000M\000e\000n\000g\000a\000p\000a\000\040\000I\000n\000i\000\040\000P\000e\000n\000t\000i\000n\000g\000\040\000b\000a\000g\000i\000\040\000P\000L\000N\000?}{chapter*.2}% 2
\BOOKMARK [1][-]{section.0.2}{\376\377\000T\000a\000r\000g\000e\000t\000\040\000K\000o\000m\000p\000e\000t\000e\000n\000s\000i}{chapter*.2}% 3
\BOOKMARK [1][-]{section.0.3}{\376\377\000S\000a\000s\000a\000r\000a\000n\000\040\000\046\000\040\000P\000r\000a\000s\000y\000a\000r\000a\000t\000\040\000P\000e\000s\000e\000r\000t\000a}{chapter*.2}% 4
\BOOKMARK [1][-]{section.0.4}{\376\377\000A\000r\000s\000i\000t\000e\000k\000t\000u\000r\000\040\000O\000p\000t\000i\000m\000a\000l\000i\000s\000a\000s\000i\000\040\000T\000e\000r\000i\000n\000t\000e\000g\000r\000a\000s\000i}{chapter*.2}% 5
\BOOKMARK [0][-]{chapter.1}{\376\377\000D\000i\000a\000g\000n\000o\000s\000a\000:\000\040\000E\000v\000a\000l\000u\000a\000s\000i\000\040\000P\000r\000o\000s\000e\000d\000u\000r\000\040\000\046\000\040\000I\000d\000e\000n\000t\000i\000f\000i\000k\000a\000s\000i\000\040\000A\000r\000e\000a\000\040\000O\000p\000t\000i\000m\000a\000s\000i}{}% 6
\BOOKMARK [1][-]{section.1.1}{\376\377\000K\000e\000r\000a\000n\000g\000k\000a\000\040\000D\000i\000a\000g\000n\000o\000s\000a\000\040\0007\000\040\000D\000o\000m\000a\000i\000n\000\040\000T\000e\000r\000i\000n\000t\000e\000g\000r\000a\000s\000i}{chapter.1}% 7
\BOOKMARK [1][-]{section.1.2}{\376\377\000T\000e\000k\000n\000i\000k\000\040\000P\000e\000n\000c\000a\000r\000i\000a\000n\000\040\000F\000a\000k\000t\000a\000\040\000u\000n\000t\000u\000k\000\040\000M\000a\000n\000a\000j\000e\000m\000e\000n\000\040\000A\000t\000a\000s}{chapter.1}% 8
\BOOKMARK [1][-]{section.1.3}{\376\377\000L\000a\000n\000g\000k\000a\000h\000-\000L\000a\000n\000g\000k\000a\000h\000\040\000E\000v\000a\000l\000u\000a\000s\000i\000\040\000P\000r\000o\000s\000e\000d\000u\000r}{chapter.1}% 9
\BOOKMARK [1][-]{section.1.4}{\376\377\000A\000k\000t\000i\000v\000i\000t\000a\000s\000\040\000W\000o\000r\000k\000s\000h\000o\000p\000\040\000\050\0003\0000\000\040\000M\000e\000n\000i\000t\000\051}{chapter.1}% 10
\BOOKMARK [0][-]{chapter.2}{\376\377\000D\000e\000s\000a\000i\000n\000:\000\040\000P\000e\000r\000a\000n\000c\000a\000n\000g\000a\000n\000\040\000A\000l\000u\000r\000\040\000K\000e\000r\000j\000a\000\040\000T\000e\000r\000i\000n\000t\000e\000g\000r\000a\000s\000i\000\040\000\050\000t\000o\000-\000b\000e\000\051}{}% 11
\BOOKMARK [1][-]{section.2.1}{\376\377\000T\000i\000g\000a\000\040\000P\000o\000l\000a\000\040\000I\000n\000t\000e\000g\000r\000a\000s\000i\000\040\000U\000t\000a\000m\000a\000\040\000P\000L\000N}{chapter.2}% 12
\BOOKMARK [1][-]{section.2.2}{\376\377\000N\000o\000t\000a\000s\000i\000\040\000B\000P\000M\000N\000\040\0002\000.\0000\000\040\000u\000n\000t\000u\000k\000\040\000E\000k\000s\000e\000k\000u\000t\000i\000f}{chapter.2}% 13
\BOOKMARK [1][-]{section.2.3}{\376\377\000S\000t\000u\000d\000i\000\040\000K\000a\000s\000u\000s\000:\000\040\000A\000r\000s\000i\000p\000\040\000B\000A\000S\000T\000\040\000E\000-\000P\000r\000o\000c\000u\000r\000e\000m\000e\000n\000t}{chapter.2}% 14
\BOOKMARK [1][-]{section.2.4}{\376\377\000V\000a\000l\000i\000d\000a\000s\000i\000\040\000A\000l\000u\000r\000:\000\040\000E\000x\000e\000c\000u\000t\000i\000v\000e\000\040\000T\000o\000l\000l\000g\000a\000t\000e}{chapter.2}% 15
\BOOKMARK [1][-]{section.2.5}{\376\377\000A\000k\000t\000i\000v\000i\000t\000a\000s\000\040\000W\000o\000r\000k\000s\000h\000o\000p\000\040\000\050\0003\0000\000\040\000M\000e\000n\000i\000t\000\051}{chapter.2}% 16
\BOOKMARK [0][-]{chapter.3}{\376\377\000S\000O\000P\000\040\000D\000i\000g\000i\000t\000a\000l\000:\000\040\000P\000e\000n\000y\000u\000s\000u\000n\000a\000n\000\040\000S\000O\000P\000\040\000T\000e\000r\000i\000n\000t\000e\000g\000r\000a\000s\000i\000\040\0008\000\040\000K\000o\000m\000p\000o\000n\000e\000n}{}% 17
\BOOKMARK [1][-]{section.3.1}{\376\377\000E\000v\000o\000l\000u\000s\000i\000\040\000S\000O\000P\000:\000\040\000D\000a\000r\000i\000\040\000M\000a\000n\000u\000a\000l\000\040\000k\000e\000\040\000D\000i\000g\000i\000t\000a\000l\000-\000I\000n\000t\000e\000g\000r\000a\000t\000e\000d}{chapter.3}% 18
\BOOKMARK [1][-]{section.3.2}{\376\377\000D\000e\000l\000a\000p\000a\000n\000\040\000K\000o\000m\000p\000o\000n\000e\000n\000\040\000W\000a\000j\000i\000b\000\040\000S\000O\000P\000\040\000D\000i\000g\000i\000t\000a\000l\000\040\000T\000e\000r\000i\000n\000t\000e\000g\000r\000a\000s\000i}{chapter.3}% 19
\BOOKMARK [1][-]{section.3.3}{\376\377\000M\000e\000t\000a\000d\000a\000t\000a\000\040\000J\000o\000u\000r\000n\000e\000y\000:\000\040\0001\0004\000\040\000F\000i\000e\000l\000d\000\040\000\046\000\040\0003\000\040\000L\000a\000p\000i\000s\000a\000n\000\040\000P\000e\000r\000l\000i\000n\000d\000u\000n\000g\000a\000n}{chapter.3}% 20
\BOOKMARK [1][-]{section.3.4}{\376\377\000K\000e\000a\000b\000s\000a\000h\000a\000n\000\040\000H\000u\000k\000u\000m\000\040\000\046\000\040\000T\000r\000u\000s\000t\000-\000C\000h\000a\000i\000n\000\040\000D\000i\000g\000i\000t\000a\000l}{chapter.3}% 21
\BOOKMARK [1][-]{section.3.5}{\376\377\000A\000k\000t\000i\000v\000i\000t\000a\000s\000\040\000W\000o\000r\000k\000s\000h\000o\000p\000\040\000\050\0003\0000\000\040\000M\000e\000n\000i\000t\000\051}{chapter.3}% 22
\BOOKMARK [0][-]{chapter.4}{\376\377\000J\000u\000s\000t\000i\000f\000i\000k\000a\000s\000i\000\040\000B\000i\000s\000n\000i\000s\000:\000\040\000E\000f\000i\000s\000i\000e\000n\000s\000i\000,\000\040\000R\000O\000I\000\040\000\046\000\040\000K\000P\000I}{}% 23
\BOOKMARK [1][-]{section.4.1}{\376\377\000T\000r\000i\000f\000e\000c\000t\000a\000\040\000M\000a\000n\000f\000a\000a\000t\000:\000\040\000T\000i\000m\000e\040\023\000C\000o\000s\000t\040\023\000R\000i\000s\000k}{chapter.4}% 24
\BOOKMARK [1][-]{section.4.2}{\376\377\000I\000n\000d\000i\000k\000a\000t\000o\000r\000\040\000K\000i\000n\000e\000r\000j\000a\000\040\000U\000t\000a\000m\000a\000\040\000\050\000K\000P\000I\000\051\000\040\000T\000a\000r\000g\000e\000t}{chapter.4}% 25
\BOOKMARK [1][-]{section.4.3}{\376\377\000B\000a\000l\000a\000n\000c\000e\000d\000\040\000s\000c\000o\000r\000e\000c\000a\000r\000d\000\040\000\050\000B\000S\000C\000\051\000\040\000P\000e\000r\000s\000p\000e\000c\000t\000i\000v\000e}{chapter.4}% 26
\BOOKMARK [1][-]{section.4.4}{\376\377\000R\000u\000m\000u\000s\000\040\000R\000O\000I\000\040\000\046\000\040\000B\000a\000s\000i\000s\000\040\000K\000a\000l\000k\000u\000l\000a\000s\000i}{chapter.4}% 27
\BOOKMARK [1][-]{section.4.5}{\376\377\000S\000t\000u\000d\000i\000\040\000K\000a\000s\000u\000s\000:\000\040\000T\000r\000a\000n\000s\000f\000o\000r\000m\000a\000s\000i\000\040\000S\000P\000K\000\040\000P\000e\000m\000e\000l\000i\000h\000a\000r\000a\000a\000n\000\040\000G\000I\000\040\0001\0005\0000\000\040\000k\000V}{chapter.4}% 28
\BOOKMARK [1][-]{section.4.6}{\376\377\000A\000k\000t\000i\000v\000i\000t\000a\000s\000\040\000W\000o\000r\000k\000s\000h\000o\000p\000\040\000\050\0003\0000\000\040\000M\000e\000n\000i\000t\000\051}{chapter.4}% 29
\BOOKMARK [0][-]{chapter.5}{\376\377\000M\000a\000n\000a\000j\000e\000m\000e\000n\000\040\000P\000e\000r\000u\000b\000a\000h\000a\000n\000:\000\040\000I\000m\000p\000l\000e\000m\000e\000n\000t\000a\000s\000i\000\040\000\046\000\040\000M\000i\000t\000i\000g\000a\000s\000i\000\040\000R\000e\000s\000i\000s\000t\000e\000n\000s\000i}{}% 30
\BOOKMARK [1][-]{section.5.1}{\376\377\000K\000e\000r\000a\000n\000g\000k\000a\000\040\000A\000D\000K\000A\000R\000\040\000\050\000H\000i\000a\000t\000t\000,\000\040\0002\0000\0000\0006\000\051}{chapter.5}% 31
\BOOKMARK [1][-]{section.5.2}{\376\377\000K\000o\000t\000t\000e\000r\000:\000\040\0003\000\040\000L\000a\000n\000g\000k\000a\000h\000\040\000K\000e\000p\000e\000m\000i\000m\000p\000i\000n\000a\000n\000\040\000y\000a\000n\000g\000\040\000P\000a\000l\000i\000n\000g\000\040\000R\000e\000l\000e\000v\000a\000n}{chapter.5}% 32
\BOOKMARK [1][-]{section.5.3}{\376\377\000M\000a\000t\000r\000i\000k\000s\000\040\000S\000t\000r\000a\000t\000e\000g\000i\000\040\000M\000i\000t\000i\000g\000a\000s\000i\000\040\000R\000e\000s\000i\000s\000t\000e\000n\000s\000i}{chapter.5}% 33
\BOOKMARK [1][-]{section.5.4}{\376\377\000M\000a\000t\000r\000i\000k\000s\000\040\000M\000e\000n\000d\000e\000l\000o\000w\000:\000\040\000P\000o\000w\000e\000r\000\040\000v\000s\000\040\000I\000n\000t\000e\000r\000e\000s\000t}{chapter.5}% 34
\BOOKMARK [1][-]{section.5.5}{\376\377\000T\000a\000k\000t\000i\000k\000\040\0003\0000\000\040\000H\000a\000r\000i\000\040\000P\000e\000r\000t\000a\000m\000a\000\040\000y\000a\000n\000g\000\040\000T\000e\000r\000b\000u\000k\000t\000i\000\040\000E\000f\000e\000k\000t\000i\000f}{chapter.5}% 35
\BOOKMARK [1][-]{section.5.6}{\376\377\0007\000\040\000K\000e\000s\000a\000l\000a\000h\000a\000n\000\040\000U\000m\000u\000m\000\040\000y\000a\000n\000g\000\040\000H\000a\000r\000u\000s\000\040\000D\000i\000h\000i\000n\000d\000a\000r\000i\000w}{chapter.5}% 36
\BOOKMARK [0][-]{chapter.6}{\376\377\000V\000a\000l\000i\000d\000a\000s\000i\000,\000\040\000R\000u\000b\000r\000i\000k\000\040\000P\000e\000n\000i\000l\000a\000i\000a\000n\000\040\000\046\000\040\000K\000o\000m\000i\000t\000m\000e\000n\000\040\000T\000i\000n\000d\000a\000k\000\040\000L\000a\000n\000j\000u\000t}{}% 37
\BOOKMARK [1][-]{section.6.1}{\376\377\000E\000x\000e\000c\000u\000t\000i\000v\000e\000\040\000T\000o\000l\000l\000g\000a\000t\000e\000\040\000F\000i\000n\000a\000l\000\040\000\050\0004\000\040\000G\000e\000r\000b\000a\000n\000g\000\040\000K\000e\000p\000u\000t\000u\000s\000a\000n\000\051}{chapter.6}% 38
\BOOKMARK [1][-]{section.6.2}{\376\377\000R\000u\000b\000r\000i\000k\000\040\000P\000e\000n\000i\000l\000a\000i\000a\000n\000\040\000\046\000\040\000c\000h\000e\000c\000k\000l\000i\000s\000t\000\040\000P\000o\000r\000t\000o\000f\000o\000l\000i\000o}{chapter.6}% 39
\BOOKMARK [1][-]{section.6.3}{\376\377\000c\000h\000e\000c\000k\000l\000i\000s\000t\000\040\000I\000m\000p\000l\000e\000m\000e\000n\000t\000a\000s\000i\000\040\0003\0000\000\040\000H\000a\000r\000i}{chapter.6}% 40
\BOOKMARK [1][-]{section.6.4}{\376\377\000F\000A\000Q\000\040\000S\000i\000n\000g\000k\000a\000t\000\040\000u\000n\000t\000u\000k\000\040\000M\000a\000n\000a\000j\000e\000m\000e\000n\000\040\000A\000t\000a\000s}{chapter.6}% 41
\BOOKMARK [1][-]{section.6.5}{\376\377\000E\000m\000p\000a\000t\000\040\000L\000a\000n\000g\000k\000a\000h\000\040\000S\000e\000t\000e\000l\000a\000h\000\040\000H\000a\000r\000i\000\040\000I\000n\000i}{chapter.6}% 42
\BOOKMARK [0][-]{chapter*.13}{\376\377\000G\000l\000o\000s\000a\000r\000i\000u\000m}{}% 43
\BOOKMARK [0][-]{chapter*.14}{\376\377\000D\000a\000f\000t\000a\000r\000\040\000P\000u\000s\000t\000a\000k\000a}{}% 44
